Microsoft (R) Macro Assembler Version 6.11		    03/29/07 16:31:59
len.asm							     Page 1 - 1


				.model tiny
 0000				.data
				length db ?
len.asm(3): error A2008: syntax error : length
 0000 00 02 01 04 46 45		msg db  00,02,01,04,70,69,03
       03
 0000				.code
				.startup
				mov ax,msg
len.asm(7): error A2070: invalid instruction operands
 0100  8E D8			mov ds,ax
 0102  B4 02			mov ah,02h
 0104  B0 03			mov al,03h
 0106  BF 0000			mov di,0
 0109  B9 0007			mov cx,7 ;length of array

 010C				looping:
 010C  8B 1D			mov bx,[di]
 010E  38 E7			cmp bh,ah
 0110  74 0B			je start
 0112  47			inc di
 0113  3B F9			cmp di,cx
 0115  75 F5			jne looping
 0117  BE 0000			mov si,00h      ;array seacrhed not found
				jmp end
len.asm(22): error A2008: syntax error : end

 011A  BE 0000			mov si,0
 011D				start:
				looping2
len.asm(26): error A2008: syntax error : looping2
 011D  8B 1D			mov bx,[di]
 011F  38 C7			cmp bh,al
				je end
len.asm(29): error A2008: syntax error : end
 0121  46			inc si
 0122  47			inc di
 0123  3B F9			cmp di,cx
				jne looping2
len.asm(33): error A2006: undefined symbol : looping2

				end:
len.asm(35): warning A4003: start address on END directive ignored with .STARTUP
len.asm(35): error A2081: missing operand after unary operator
				mov length,si
				.exit
				end





Microsoft (R) Macro Assembler Version 6.11		    03/29/07 16:31:59
len.asm							     Symbols 2 - 1




Segments and Groups:

                N a m e                 Size     Length   Align   Combine Class

DGROUP . . . . . . . . . . . . .	GROUP
_TEXT  . . . . . . . . . . . . .	16 Bit	 012D	  Word	  Public  'CODE'	
_DATA  . . . . . . . . . . . . .	16 Bit	 0007	  Word	  Public  'DATA'	


Symbols:

                N a m e                 Type     Value    Attr

@CodeSize  . . . . . . . . . . .	Number	 0000h	 
@DataSize  . . . . . . . . . . .	Number	 0000h	 
@Interface . . . . . . . . . . .	Number	 0000h	 
@Model . . . . . . . . . . . . .	Number	 0001h	 
@Startup . . . . . . . . . . . .	L Near	 0100	  _TEXT	
@code  . . . . . . . . . . . . .	Text   	 DGROUP
@data  . . . . . . . . . . . . .	Text   	 DGROUP
@fardata?  . . . . . . . . . . .	Text   	 FAR_BSS
@fardata . . . . . . . . . . . .	Text   	 FAR_DATA
@stack . . . . . . . . . . . . .	Text   	 DGROUP
looping  . . . . . . . . . . . .	L Near	 010C	  _TEXT	
msg  . . . . . . . . . . . . . .	Byte	 0000	  _DATA	
start  . . . . . . . . . . . . .	L Near	 011D	  _TEXT	

	   1 Warnings
	   7 Errors
